// Jest Snapshot v1, https://goo.gl/fbAQLP

exports[`matches snapshot 1`] = `
<DocumentFragment>
  <ul
    class="TodoList"
    id="TodoList"
  >
    <form
      class="TodoForm"
    >
      <input
        data-testid="test-input"
        name="task"
        required=""
        value=""
      />
      <button>
        Add Task
      </button>
    </form>
  </ul>
</DocumentFragment>
`;
